Archive member included to satisfy reference by file (symbol)

/opt/st/stm32cubeide_1.1.0/plugins/com.st.stm32cube.ide.mcu.externaltools.gnu-tools-for-stm32.7-2018-q2-update.linux64_1.0.0.201904181610/tools/bin/../lib/gcc/arm-none-eabi/7.3.1/../../../../arm-none-eabi/lib/thumb/v7e-m/fpv4-sp/hard/libc_nano.a(lib_a-errno.o)
                              Source/syscalls.o (__errno)
/opt/st/stm32cubeide_1.1.0/plugins/com.st.stm32cube.ide.mcu.externaltools.gnu-tools-for-stm32.7-2018-q2-update.linux64_1.0.0.201904181610/tools/bin/../lib/gcc/arm-none-eabi/7.3.1/../../../../arm-none-eabi/lib/thumb/v7e-m/fpv4-sp/hard/libc_nano.a(lib_a-exit.o)
                              /opt/st/stm32cubeide_1.1.0/plugins/com.st.stm32cube.ide.mcu.externaltools.gnu-tools-for-stm32.7-2018-q2-update.linux64_1.0.0.201904181610/tools/bin/../lib/gcc/arm-none-eabi/7.3.1/../../../../arm-none-eabi/lib/thumb/v7e-m/fpv4-sp/hard/crt0.o (exit)
/opt/st/stm32cubeide_1.1.0/plugins/com.st.stm32cube.ide.mcu.externaltools.gnu-tools-for-stm32.7-2018-q2-update.linux64_1.0.0.201904181610/tools/bin/../lib/gcc/arm-none-eabi/7.3.1/../../../../arm-none-eabi/lib/thumb/v7e-m/fpv4-sp/hard/libc_nano.a(lib_a-impure.o)
                              /opt/st/stm32cubeide_1.1.0/plugins/com.st.stm32cube.ide.mcu.externaltools.gnu-tools-for-stm32.7-2018-q2-update.linux64_1.0.0.201904181610/tools/bin/../lib/gcc/arm-none-eabi/7.3.1/../../../../arm-none-eabi/lib/thumb/v7e-m/fpv4-sp/hard/libc_nano.a(lib_a-exit.o) (_global_impure_ptr)
/opt/st/stm32cubeide_1.1.0/plugins/com.st.stm32cube.ide.mcu.externaltools.gnu-tools-for-stm32.7-2018-q2-update.linux64_1.0.0.201904181610/tools/bin/../lib/gcc/arm-none-eabi/7.3.1/../../../../arm-none-eabi/lib/thumb/v7e-m/fpv4-sp/hard/libc_nano.a(lib_a-init.o)
                              /opt/st/stm32cubeide_1.1.0/plugins/com.st.stm32cube.ide.mcu.externaltools.gnu-tools-for-stm32.7-2018-q2-update.linux64_1.0.0.201904181610/tools/bin/../lib/gcc/arm-none-eabi/7.3.1/../../../../arm-none-eabi/lib/thumb/v7e-m/fpv4-sp/hard/crt0.o (__libc_init_array)
/opt/st/stm32cubeide_1.1.0/plugins/com.st.stm32cube.ide.mcu.externaltools.gnu-tools-for-stm32.7-2018-q2-update.linux64_1.0.0.201904181610/tools/bin/../lib/gcc/arm-none-eabi/7.3.1/../../../../arm-none-eabi/lib/thumb/v7e-m/fpv4-sp/hard/libc_nano.a(lib_a-memcpy-stub.o)
                              ThirdParty/FreeRTOS/org/Source/queue.o (memcpy)
/opt/st/stm32cubeide_1.1.0/plugins/com.st.stm32cube.ide.mcu.externaltools.gnu-tools-for-stm32.7-2018-q2-update.linux64_1.0.0.201904181610/tools/bin/../lib/gcc/arm-none-eabi/7.3.1/../../../../arm-none-eabi/lib/thumb/v7e-m/fpv4-sp/hard/libc_nano.a(lib_a-memset.o)
                              /opt/st/stm32cubeide_1.1.0/plugins/com.st.stm32cube.ide.mcu.externaltools.gnu-tools-for-stm32.7-2018-q2-update.linux64_1.0.0.201904181610/tools/bin/../lib/gcc/arm-none-eabi/7.3.1/../../../../arm-none-eabi/lib/thumb/v7e-m/fpv4-sp/hard/crt0.o (memset)

Allocating common symbols
Common symbol       size              file

xQueueRegistry      0x40              ThirdParty/FreeRTOS/org/Source/queue.o

Discarded input sections

 .text          0x0000000000000000        0x0 /opt/st/stm32cubeide_1.1.0/plugins/com.st.stm32cube.ide.mcu.externaltools.gnu-tools-for-stm32.7-2018-q2-update.linux64_1.0.0.201904181610/tools/bin/../lib/gcc/arm-none-eabi/7.3.1/thumb/v7e-m/fpv4-sp/hard/crti.o
 .data          0x0000000000000000        0x0 /opt/st/stm32cubeide_1.1.0/plugins/com.st.stm32cube.ide.mcu.externaltools.gnu-tools-for-stm32.7-2018-q2-update.linux64_1.0.0.201904181610/tools/bin/../lib/gcc/arm-none-eabi/7.3.1/thumb/v7e-m/fpv4-sp/hard/crti.o
 .bss           0x0000000000000000        0x0 /opt/st/stm32cubeide_1.1.0/plugins/com.st.stm32cube.ide.mcu.externaltools.gnu-tools-for-stm32.7-2018-q2-update.linux64_1.0.0.201904181610/tools/bin/../lib/gcc/arm-none-eabi/7.3.1/thumb/v7e-m/fpv4-sp/hard/crti.o
 .data          0x0000000000000000        0x4 /opt/st/stm32cubeide_1.1.0/plugins/com.st.stm32cube.ide.mcu.externaltools.gnu-tools-for-stm32.7-2018-q2-update.linux64_1.0.0.201904181610/tools/bin/../lib/gcc/arm-none-eabi/7.3.1/thumb/v7e-m/fpv4-sp/hard/crtbegin.o
 .text          0x0000000000000000       0x74 /opt/st/stm32cubeide_1.1.0/plugins/com.st.stm32cube.ide.mcu.externaltools.gnu-tools-for-stm32.7-2018-q2-update.linux64_1.0.0.201904181610/tools/bin/../lib/gcc/arm-none-eabi/7.3.1/../../../../arm-none-eabi/lib/thumb/v7e-m/fpv4-sp/hard/crt0.o
 .data          0x0000000000000000        0x0 /opt/st/stm32cubeide_1.1.0/plugins/com.st.stm32cube.ide.mcu.externaltools.gnu-tools-for-stm32.7-2018-q2-update.linux64_1.0.0.201904181610/tools/bin/../lib/gcc/arm-none-eabi/7.3.1/../../../../arm-none-eabi/lib/thumb/v7e-m/fpv4-sp/hard/crt0.o
 .bss           0x0000000000000000        0x0 /opt/st/stm32cubeide_1.1.0/plugins/com.st.stm32cube.ide.mcu.externaltools.gnu-tools-for-stm32.7-2018-q2-update.linux64_1.0.0.201904181610/tools/bin/../lib/gcc/arm-none-eabi/7.3.1/../../../../arm-none-eabi/lib/thumb/v7e-m/fpv4-sp/hard/crt0.o
[...]
Memory Configuration

Name             Origin             Length             Attributes
RAM              0x0000000020000000 0x0000000000020000 xrw
ROM              0x0000000008000000 0x0000000000100000 xr
*default*        0x0000000000000000 0xffffffffffffffff

Linker script and memory map

LOAD /opt/st/stm32cubeide_1.1.0/plugins/com.st.stm32cube.ide.mcu.externaltools.gnu-tools-for-stm32.7-2018-q2-update.linux64_1.0.0.201904181610/tools/bin/../lib/gcc/arm-none-eabi/7.3.1/thumb/v7e-m/fpv4-sp/hard/crti.o
LOAD /opt/st/stm32cubeide_1.1.0/plugins/com.st.stm32cube.ide.mcu.externaltools.gnu-tools-for-stm32.7-2018-q2-update.linux64_1.0.0.201904181610/tools/bin/../lib/gcc/arm-none-eabi/7.3.1/thumb/v7e-m/fpv4-sp/hard/crtbegin.o
LOAD /opt/st/stm32cubeide_1.1.0/plugins/com.st.stm32cube.ide.mcu.externaltools.gnu-tools-for-stm32.7-2018-q2-update.linux64_1.0.0.201904181610/tools/bin/../lib/gcc/arm-none-eabi/7.3.1/../../../../arm-none-eabi/lib/thumb/v7e-m/fpv4-sp/hard/crt0.o
LOAD Source/main.o
LOAD Source/syscalls.o
LOAD Source/system_stm32f4xx.o
LOAD StdPeriphDriver/src/misc.o
LOAD StdPeriphDriver/src/stm32f4xx_adc.o
LOAD StdPeriphDriver/src/stm32f4xx_can.o
LOAD StdPeriphDriver/src/stm32f4xx_cec.o
LOAD StdPeriphDriver/src/stm32f4xx_crc.o
LOAD StdPeriphDriver/src/stm32f4xx_cryp.o
LOAD StdPeriphDriver/src/stm32f4xx_cryp_aes.o
LOAD StdPeriphDriver/src/stm32f4xx_cryp_des.o
LOAD StdPeriphDriver/src/stm32f4xx_cryp_tdes.o
LOAD StdPeriphDriver/src/stm32f4xx_dac.o
LOAD StdPeriphDriver/src/stm32f4xx_dbgmcu.o
LOAD StdPeriphDriver/src/stm32f4xx_dcmi.o
LOAD StdPeriphDriver/src/stm32f4xx_dfsdm.o
LOAD StdPeriphDriver/src/stm32f4xx_dma.o
LOAD StdPeriphDriver/src/stm32f4xx_dma2d.o
LOAD StdPeriphDriver/src/stm32f4xx_dsi.o
LOAD StdPeriphDriver/src/stm32f4xx_exti.o
LOAD StdPeriphDriver/src/stm32f4xx_flash.o
LOAD StdPeriphDriver/src/stm32f4xx_flash_ramfunc.o
LOAD StdPeriphDriver/src/stm32f4xx_fmc.o
LOAD StdPeriphDriver/src/stm32f4xx_fmip2c.o
LOAD StdPeriphDriver/src/stm32f4xx_fsmc.o
LOAD StdPeriphDriver/src/stm32f4xx_gpio.o
LOAD StdPeriphDriver/src/stm32f4xx_hash.o
LOAD StdPeriphDriver/src/stm32f4xx_hash_md5.o
LOAD StdPeriphDriver/src/stm32f4xx_hash_sha1.o
LOAD StdPeriphDriver/src/stm32f4xx_i2c.o
LOAD StdPeriphDriver/src/stm32f4xx_iwdg.o
LOAD StdPeriphDriver/src/stm32f4xx_lptim.o
LOAD StdPeriphDriver/src/stm32f4xx_ltdc.o
LOAD StdPeriphDriver/src/stm32f4xx_pwr.o
LOAD StdPeriphDriver/src/stm32f4xx_qspi.o
LOAD StdPeriphDriver/src/stm32f4xx_rcc.o
LOAD StdPeriphDriver/src/stm32f4xx_rng.o
LOAD StdPeriphDriver/src/stm32f4xx_rtc.o
LOAD StdPeriphDriver/src/stm32f4xx_sai.o
LOAD StdPeriphDriver/src/stm32f4xx_sdio.o
LOAD StdPeriphDriver/src/stm32f4xx_spdifrx.o
LOAD StdPeriphDriver/src/stm32f4xx_spi.o
LOAD StdPeriphDriver/src/stm32f4xx_syscfg.o
LOAD StdPeriphDriver/src/stm32f4xx_tim.o
LOAD StdPeriphDriver/src/stm32f4xx_usart.o
LOAD StdPeriphDriver/src/stm32f4xx_wwdg.o
LOAD ThirdParty/FreeRTOS/org/Source/croutine.o
LOAD ThirdParty/FreeRTOS/org/Source/event_groups.o
LOAD ThirdParty/FreeRTOS/org/Source/list.o
LOAD ThirdParty/FreeRTOS/org/Source/queue.o
LOAD ThirdParty/FreeRTOS/org/Source/stream_buffer.o
LOAD ThirdParty/FreeRTOS/org/Source/tasks.o
LOAD ThirdParty/FreeRTOS/org/Source/timers.o
LOAD ThirdParty/FreeRTOS/org/Source/portable/GCC/ARM_CM4F/port.o
LOAD ThirdParty/FreeRTOS/org/Source/portable/MemMang/heap_4.o
LOAD startup/startup_stm32.o
START GROUP
LOAD /opt/st/stm32cubeide_1.1.0/plugins/com.st.stm32cube.ide.mcu.externaltools.gnu-tools-for-stm32.7-2018-q2-update.linux64_1.0.0.201904181610/tools/bin/../lib/gcc/arm-none-eabi/7.3.1/../../../../arm-none-eabi/lib/thumb/v7e-m/fpv4-sp/hard/libc_nano.a
LOAD /opt/st/stm32cubeide_1.1.0/plugins/com.st.stm32cube.ide.mcu.externaltools.gnu-tools-for-stm32.7-2018-q2-update.linux64_1.0.0.201904181610/tools/bin/../lib/gcc/arm-none-eabi/7.3.1/../../../../arm-none-eabi/lib/thumb/v7e-m/fpv4-sp/hard/libm.a
END GROUP
START GROUP
LOAD /opt/st/stm32cubeide_1.1.0/plugins/com.st.stm32cube.ide.mcu.externaltools.gnu-tools-for-stm32.7-2018-q2-update.linux64_1.0.0.201904181610/tools/bin/../lib/gcc/arm-none-eabi/7.3.1/thumb/v7e-m/fpv4-sp/hard/libgcc.a
LOAD /opt/st/stm32cubeide_1.1.0/plugins/com.st.stm32cube.ide.mcu.externaltools.gnu-tools-for-stm32.7-2018-q2-update.linux64_1.0.0.201904181610/tools/bin/../lib/gcc/arm-none-eabi/7.3.1/../../../../arm-none-eabi/lib/thumb/v7e-m/fpv4-sp/hard/libc_nano.a
END GROUP
START GROUP
LOAD /opt/st/stm32cubeide_1.1.0/plugins/com.st.stm32cube.ide.mcu.externaltools.gnu-tools-for-stm32.7-2018-q2-update.linux64_1.0.0.201904181610/tools/bin/../lib/gcc/arm-none-eabi/7.3.1/thumb/v7e-m/fpv4-sp/hard/libgcc.a
LOAD /opt/st/stm32cubeide_1.1.0/plugins/com.st.stm32cube.ide.mcu.externaltools.gnu-tools-for-stm32.7-2018-q2-update.linux64_1.0.0.201904181610/tools/bin/../lib/gcc/arm-none-eabi/7.3.1/../../../../arm-none-eabi/lib/thumb/v7e-m/fpv4-sp/hard/libc_nano.a
LOAD /opt/st/stm32cubeide_1.1.0/plugins/com.st.stm32cube.ide.mcu.externaltools.gnu-tools-for-stm32.7-2018-q2-update.linux64_1.0.0.201904181610/tools/bin/../lib/gcc/arm-none-eabi/7.3.1/../../../../arm-none-eabi/lib/thumb/v7e-m/fpv4-sp/hard/libnosys.a
END GROUP
START GROUP
LOAD /opt/st/stm32cubeide_1.1.0/plugins/com.st.stm32cube.ide.mcu.externaltools.gnu-tools-for-stm32.7-2018-q2-update.linux64_1.0.0.201904181610/tools/bin/../lib/gcc/arm-none-eabi/7.3.1/thumb/v7e-m/fpv4-sp/hard/libgcc.a
LOAD /opt/st/stm32cubeide_1.1.0/plugins/com.st.stm32cube.ide.mcu.externaltools.gnu-tools-for-stm32.7-2018-q2-update.linux64_1.0.0.201904181610/tools/bin/../lib/gcc/arm-none-eabi/7.3.1/../../../../arm-none-eabi/lib/thumb/v7e-m/fpv4-sp/hard/libc_nano.a
LOAD /opt/st/stm32cubeide_1.1.0/plugins/com.st.stm32cube.ide.mcu.externaltools.gnu-tools-for-stm32.7-2018-q2-update.linux64_1.0.0.201904181610/tools/bin/../lib/gcc/arm-none-eabi/7.3.1/../../../../arm-none-eabi/lib/thumb/v7e-m/fpv4-sp/hard/libnosys.a
END GROUP
LOAD /opt/st/stm32cubeide_1.1.0/plugins/com.st.stm32cube.ide.mcu.externaltools.gnu-tools-for-stm32.7-2018-q2-update.linux64_1.0.0.201904181610/tools/bin/../lib/gcc/arm-none-eabi/7.3.1/thumb/v7e-m/fpv4-sp/hard/crtend.o
LOAD /opt/st/stm32cubeide_1.1.0/plugins/com.st.stm32cube.ide.mcu.externaltools.gnu-tools-for-stm32.7-2018-q2-update.linux64_1.0.0.201904181610/tools/bin/../lib/gcc/arm-none-eabi/7.3.1/thumb/v7e-m/fpv4-sp/hard/crtn.o
                0x0000000020020000                _estack = (ORIGIN (RAM) + LENGTH (RAM))
                0x0000000000000200                _Min_Heap_Size = 0x200
                0x0000000000000400                _Min_Stack_Size = 0x400

.isr_vector     0x0000000008000000      0x1c4
                0x0000000008000000                . = ALIGN (0x4)
 *(.isr_vector)
 .isr_vector    0x0000000008000000      0x1c4 startup/startup_stm32.o
                0x0000000008000000                g_pfnVectors
                0x00000000080001c4                . = ALIGN (0x4)

.text           0x00000000080001d0      0x63c
                0x00000000080001d0                . = ALIGN (0x4)
 *(.text)
 .text          0x00000000080001d0       0x40 /opt/st/stm32cubeide_1.1.0/plugins/com.st.stm32cube.ide.mcu.externaltools.gnu-tools-for-stm32.7-2018-q2-update.linux64_1.0.0.201904181610/tools/bin/../lib/gcc/arm-none-eabi/7.3.1/thumb/v7e-m/fpv4-sp/hard/crtbegin.o
 *(.text*)
 .text.main     0x0000000008000210        0x6 Source/main.o
                0x0000000008000210                main
 *fill*         0x0000000008000216        0x2 
 .text.SystemInit
                0x0000000008000218       0x6c Source/system_stm32f4xx.o
                0x0000000008000218                SystemInit
 .text.SetSysClock
                0x0000000008000284       0xf8 Source/system_stm32f4xx.o
 .text.vListInsertEnd
                0x000000000800037c       0x48 ThirdParty/FreeRTOS/org/Source/list.o
                0x000000000800037c                vListInsertEnd
 .text.uxListRemove
                0x00000000080003c4       0x54 ThirdParty/FreeRTOS/org/Source/list.o
                0x00000000080003c4                uxListRemove
 .text.xTaskIncrementTick
                0x0000000008000418      0x170 ThirdParty/FreeRTOS/org/Source/tasks.o
                0x0000000008000418                xTaskIncrementTick
 .text.vTaskSwitchContext
                0x0000000008000588       0xb4 ThirdParty/FreeRTOS/org/Source/tasks.o
                0x0000000008000588                vTaskSwitchContext
 .text.prvResetNextTaskUnblockTime
                0x000000000800063c       0x40 ThirdParty/FreeRTOS/org/Source/tasks.o
 *fill*         0x000000000800067c        0x4 
 .text.SVC_Handler
                0x0000000008000680       0x28 ThirdParty/FreeRTOS/org/Source/portable/GCC/ARM_CM4F/port.o
                0x0000000008000680                SVC_Handler
 *fill*         0x00000000080006a8        0x8 
 .text.PendSV_Handler
                0x00000000080006b0       0x68 ThirdParty/FreeRTOS/org/Source/portable/GCC/ARM_CM4F/port.o
                0x00000000080006b0                PendSV_Handler
 .text.SysTick_Handler
                0x0000000008000718       0x40 ThirdParty/FreeRTOS/org/Source/portable/GCC/ARM_CM4F/port.o
                0x0000000008000718                SysTick_Handler
 .text.Reset_Handler
                0x0000000008000758       0x50 startup/startup_stm32.o
                0x0000000008000758                Reset_Handler
 .text.Default_Handler
                0x00000000080007a8        0x2 startup/startup_stm32.o
                0x00000000080007a8                RTC_Alarm_IRQHandler
                0x00000000080007a8                EXTI2_IRQHandler
                0x00000000080007a8                TIM8_CC_IRQHandler
                0x00000000080007a8                SPDIF_Rx_IRQHandler
                0x00000000080007a8                DebugMon_Handler
                0x00000000080007a8                SPI4_IRQHandler
                0x00000000080007a8                TIM1_CC_IRQHandler
                0x00000000080007a8                QuadSPI_IRQHandler
                0x00000000080007a8                DMA2_Stream5_IRQHandler
                0x00000000080007a8                HardFault_Handler
                0x00000000080007a8                DMA1_Stream5_IRQHandler
                0x00000000080007a8                PVD_IRQHandler
                0x00000000080007a8                SDIO_IRQHandler
                0x00000000080007a8                TAMP_STAMP_IRQHandler
                0x00000000080007a8                NMI_Handler
                0x00000000080007a8                CAN2_RX1_IRQHandler
                0x00000000080007a8                EXTI3_IRQHandler
                0x00000000080007a8                TIM8_TRG_COM_TIM14_IRQHandler
                0x00000000080007a8                TIM1_UP_TIM10_IRQHandler
                0x00000000080007a8                FMPI2C1_error_IRQHandler
                0x00000000080007a8                TIM8_UP_TIM13_IRQHandler
                0x00000000080007a8                I2C3_ER_IRQHandler
                0x00000000080007a8                EXTI0_IRQHandler
                0x00000000080007a8                I2C2_EV_IRQHandler
                0x00000000080007a8                DMA1_Stream2_IRQHandler
                0x00000000080007a8                CAN1_RX0_IRQHandler
                0x00000000080007a8                FPU_IRQHandler
                0x00000000080007a8                OTG_HS_WKUP_IRQHandler
                0x00000000080007a8                UsageFault_Handler
                0x00000000080007a8                CAN2_SCE_IRQHandler
                0x00000000080007a8                DMA2_Stream2_IRQHandler
                0x00000000080007a8                SPI1_IRQHandler
                0x00000000080007a8                TIM6_DAC_IRQHandler
                0x00000000080007a8                TIM1_BRK_TIM9_IRQHandler
                0x00000000080007a8                DCMI_IRQHandler
                0x00000000080007a8                CAN2_RX0_IRQHandler
                0x00000000080007a8                DMA2_Stream3_IRQHandler
                0x00000000080007a8                FMPI2C1_IRQHandler
                0x00000000080007a8                SAI2_IRQHandler
                0x00000000080007a8                USART6_IRQHandler
                0x00000000080007a8                USART3_IRQHandler
                0x00000000080007a8                CAN1_RX1_IRQHandler
                0x00000000080007a8                UART5_IRQHandler
                0x00000000080007a8                DMA2_Stream0_IRQHandler
                0x00000000080007a8                TIM4_IRQHandler
                0x00000000080007a8                I2C1_EV_IRQHandler
                0x00000000080007a8                HDMI_CEC_IRQHandler
                0x00000000080007a8                DMA1_Stream6_IRQHandler
                0x00000000080007a8                DMA1_Stream1_IRQHandler
                0x00000000080007a8                UART4_IRQHandler
                0x00000000080007a8                TIM3_IRQHandler
                0x00000000080007a8                RCC_IRQHandler
                0x00000000080007a8                TIM8_BRK_TIM12_IRQHandler
                0x00000000080007a8                Default_Handler
                0x00000000080007a8                EXTI15_10_IRQHandler
                0x00000000080007a8                ADC_IRQHandler
                0x00000000080007a8                DMA1_Stream7_IRQHandler
                0x00000000080007a8                TIM7_IRQHandler
                0x00000000080007a8                CAN2_TX_IRQHandler
                0x00000000080007a8                TIM5_IRQHandler
                0x00000000080007a8                DMA2_Stream7_IRQHandler
                0x00000000080007a8                I2C3_EV_IRQHandler
                0x00000000080007a8                EXTI9_5_IRQHandler
                0x00000000080007a8                RTC_WKUP_IRQHandler
                0x00000000080007a8                SPI2_IRQHandler
                0x00000000080007a8                OTG_HS_EP1_IN_IRQHandler
                0x00000000080007a8                MemManage_Handler
                0x00000000080007a8                DMA1_Stream0_IRQHandler
                0x00000000080007a8                CAN1_TX_IRQHandler
                0x00000000080007a8                EXTI4_IRQHandler
                0x00000000080007a8                OTG_HS_EP1_OUT_IRQHandler
                0x00000000080007a8                WWDG_IRQHandler
                0x00000000080007a8                TIM2_IRQHandler
                0x00000000080007a8                OTG_FS_WKUP_IRQHandler
                0x00000000080007a8                TIM1_TRG_COM_TIM11_IRQHandler
                0x00000000080007a8                OTG_HS_IRQHandler
                0x00000000080007a8                EXTI1_IRQHandler
                0x00000000080007a8                USART2_IRQHandler
                0x00000000080007a8                I2C2_ER_IRQHandler
                0x00000000080007a8                DMA2_Stream1_IRQHandler
                0x00000000080007a8                CAN1_SCE_IRQHandler
                0x00000000080007a8                FLASH_IRQHandler
                0x00000000080007a8                DMA2_Stream4_IRQHandler
                0x00000000080007a8                BusFault_Handler
                0x00000000080007a8                USART1_IRQHandler
                0x00000000080007a8                OTG_FS_IRQHandler
                0x00000000080007a8                SPI3_IRQHandler
                0x00000000080007a8                DMA1_Stream4_IRQHandler
                0x00000000080007a8                I2C1_ER_IRQHandler
                0x00000000080007a8                FMC_IRQHandler
                0x00000000080007a8                DMA2_Stream6_IRQHandler
                0x00000000080007a8                SAI1_IRQHandler
                0x00000000080007a8                DMA1_Stream3_IRQHandler
 *fill*         0x00000000080007aa        0x2 
 .text.__libc_init_array
                0x00000000080007ac       0x48 /opt/st/stm32cubeide_1.1.0/plugins/com.st.stm32cube.ide.mcu.externaltools.gnu-tools-for-stm32.7-2018-q2-update.linux64_1.0.0.201904181610/tools/bin/../lib/gcc/arm-none-eabi/7.3.1/../../../../arm-none-eabi/lib/thumb/v7e-m/fpv4-sp/hard/libc_nano.a(lib_a-init.o)
                0x00000000080007ac                __libc_init_array
 *(.glue_7)
 .glue_7        0x00000000080007f4        0x0 linker stubs
 *(.glue_7t)
 .glue_7t       0x00000000080007f4        0x0 linker stubs
 *(.eh_frame)
 .eh_frame      0x00000000080007f4        0x0 /opt/st/stm32cubeide_1.1.0/plugins/com.st.stm32cube.ide.mcu.externaltools.gnu-tools-for-stm32.7-2018-q2-update.linux64_1.0.0.201904181610/tools/bin/../lib/gcc/arm-none-eabi/7.3.1/thumb/v7e-m/fpv4-sp/hard/crtbegin.o
 *(.init)
 .init          0x00000000080007f4        0x4 /opt/st/stm32cubeide_1.1.0/plugins/com.st.stm32cube.ide.mcu.externaltools.gnu-tools-for-stm32.7-2018-q2-update.linux64_1.0.0.201904181610/tools/bin/../lib/gcc/arm-none-eabi/7.3.1/thumb/v7e-m/fpv4-sp/hard/crti.o
                0x00000000080007f4                _init
 .init          0x00000000080007f8        0x8 /opt/st/stm32cubeide_1.1.0/plugins/com.st.stm32cube.ide.mcu.externaltools.gnu-tools-for-stm32.7-2018-q2-update.linux64_1.0.0.201904181610/tools/bin/../lib/gcc/arm-none-eabi/7.3.1/thumb/v7e-m/fpv4-sp/hard/crtn.o
 *(.fini)
 .fini          0x0000000008000800        0x4 /opt/st/stm32cubeide_1.1.0/plugins/com.st.stm32cube.ide.mcu.externaltools.gnu-tools-for-stm32.7-2018-q2-update.linux64_1.0.0.201904181610/tools/bin/../lib/gcc/arm-none-eabi/7.3.1/thumb/v7e-m/fpv4-sp/hard/crti.o
                0x0000000008000800                _fini
 .fini          0x0000000008000804        0x8 /opt/st/stm32cubeide_1.1.0/plugins/com.st.stm32cube.ide.mcu.externaltools.gnu-tools-for-stm32.7-2018-q2-update.linux64_1.0.0.201904181610/tools/bin/../lib/gcc/arm-none-eabi/7.3.1/thumb/v7e-m/fpv4-sp/hard/crtn.o
                0x000000000800080c                . = ALIGN (0x4)
                0x000000000800080c                _etext = .

.vfp11_veneer   0x000000000800080c        0x0
 .vfp11_veneer  0x000000000800080c        0x0 linker stubs

.v4_bx          0x000000000800080c        0x0
 .v4_bx         0x000000000800080c        0x0 linker stubs

.iplt           0x000000000800080c        0x0
 .iplt          0x000000000800080c        0x0 /opt/st/stm32cubeide_1.1.0/plugins/com.st.stm32cube.ide.mcu.externaltools.gnu-tools-for-stm32.7-2018-q2-update.linux64_1.0.0.201904181610/tools/bin/../lib/gcc/arm-none-eabi/7.3.1/thumb/v7e-m/fpv4-sp/hard/crtbegin.o

.rel.dyn        0x000000000800080c        0x0
 .rel.iplt      0x000000000800080c        0x0 /opt/st/stm32cubeide_1.1.0/plugins/com.st.stm32cube.ide.mcu.externaltools.gnu-tools-for-stm32.7-2018-q2-update.linux64_1.0.0.201904181610/tools/bin/../lib/gcc/arm-none-eabi/7.3.1/thumb/v7e-m/fpv4-sp/hard/crtbegin.o

.rodata         0x000000000800080c        0x0
                0x000000000800080c                . = ALIGN (0x4)
 *(.rodata)
 *(.rodata*)
                0x000000000800080c                . = ALIGN (0x4)

.ARM.extab      0x000000000800080c        0x0
                0x000000000800080c                . = ALIGN (0x4)
 *(.ARM.extab* .gnu.linkonce.armextab.*)
                0x000000000800080c                . = ALIGN (0x4)

.ARM            0x000000000800080c        0x0
                0x000000000800080c                . = ALIGN (0x4)
                0x000000000800080c                __exidx_start = .
 *(.ARM.exidx*)
                0x000000000800080c                __exidx_end = .
                0x000000000800080c                . = ALIGN (0x4)

.preinit_array  0x000000000800080c        0x0
                0x000000000800080c                . = ALIGN (0x4)
                0x000000000800080c                PROVIDE (__preinit_array_start = .)
 *(.preinit_array*)
                0x000000000800080c                PROVIDE (__preinit_array_end = .)
                0x000000000800080c                . = ALIGN (0x4)

.init_array     0x000000000800080c        0x4
                0x000000000800080c                . = ALIGN (0x4)
                0x000000000800080c                PROVIDE (__init_array_start = .)
 *(SORT_BY_NAME(.init_array.*))
 *(.init_array*)
 .init_array    0x000000000800080c        0x4 /opt/st/stm32cubeide_1.1.0/plugins/com.st.stm32cube.ide.mcu.externaltools.gnu-tools-for-stm32.7-2018-q2-update.linux64_1.0.0.201904181610/tools/bin/../lib/gcc/arm-none-eabi/7.3.1/thumb/v7e-m/fpv4-sp/hard/crtbegin.o
                0x0000000008000810                PROVIDE (__init_array_end = .)
                0x0000000008000810                . = ALIGN (0x4)

.fini_array     0x0000000008000810        0x4
                0x0000000008000810                . = ALIGN (0x4)
                [!provide]                        PROVIDE (__fini_array_start = .)
 *(SORT_BY_NAME(.fini_array.*))
 *(.fini_array*)
 .fini_array    0x0000000008000810        0x4 /opt/st/stm32cubeide_1.1.0/plugins/com.st.stm32cube.ide.mcu.externaltools.gnu-tools-for-stm32.7-2018-q2-update.linux64_1.0.0.201904181610/tools/bin/../lib/gcc/arm-none-eabi/7.3.1/thumb/v7e-m/fpv4-sp/hard/crtbegin.o
                [!provide]                        PROVIDE (__fini_array_end = .)
                0x0000000008000814                . = ALIGN (0x4)
                0x0000000008000814                _sidata = LOADADDR (.data)

.data           0x0000000020000000        0x0 load address 0x0000000008000814
                0x0000000020000000                . = ALIGN (0x4)
                0x0000000020000000                _sdata = .
 *(.data)
 *(.data*)
                0x0000000020000000                . = ALIGN (0x4)
                0x0000000020000000                _edata = .

.igot.plt       0x0000000020000000        0x0 load address 0x0000000008000814
 .igot.plt      0x0000000020000000        0x0 /opt/st/stm32cubeide_1.1.0/plugins/com.st.stm32cube.ide.mcu.externaltools.gnu-tools-for-stm32.7-2018-q2-update.linux64_1.0.0.201904181610/tools/bin/../lib/gcc/arm-none-eabi/7.3.1/thumb/v7e-m/fpv4-sp/hard/crtbegin.o
                0x0000000020000000                . = ALIGN (0x4)

.bss            0x0000000020000000       0xa8 load address 0x0000000008000814
                0x0000000020000000                _sbss = .
                0x0000000020000000                __bss_start__ = _sbss
 *(.bss)
 .bss           0x0000000020000000       0x1c /opt/st/stm32cubeide_1.1.0/plugins/com.st.stm32cube.ide.mcu.externaltools.gnu-tools-for-stm32.7-2018-q2-update.linux64_1.0.0.201904181610/tools/bin/../lib/gcc/arm-none-eabi/7.3.1/thumb/v7e-m/fpv4-sp/hard/crtbegin.o
 *(.bss*)
 .bss.pxCurrentTCB
                0x000000002000001c        0x4 ThirdParty/FreeRTOS/org/Source/tasks.o
                0x000000002000001c                pxCurrentTCB
 .bss.pxReadyTasksLists
                0x0000000020000020       0x64 ThirdParty/FreeRTOS/org/Source/tasks.o
 .bss.pxDelayedTaskList
                0x0000000020000084        0x4 ThirdParty/FreeRTOS/org/Source/tasks.o
 .bss.pxOverflowDelayedTaskList
                0x0000000020000088        0x4 ThirdParty/FreeRTOS/org/Source/tasks.o
 .bss.xTickCount
                0x000000002000008c        0x4 ThirdParty/FreeRTOS/org/Source/tasks.o
 .bss.uxTopReadyPriority
                0x0000000020000090        0x4 ThirdParty/FreeRTOS/org/Source/tasks.o
 .bss.xPendedTicks
                0x0000000020000094        0x4 ThirdParty/FreeRTOS/org/Source/tasks.o
 .bss.xYieldPending
                0x0000000020000098        0x4 ThirdParty/FreeRTOS/org/Source/tasks.o
 .bss.xNumOfOverflows
                0x000000002000009c        0x4 ThirdParty/FreeRTOS/org/Source/tasks.o
 .bss.xNextTaskUnblockTime
                0x00000000200000a0        0x4 ThirdParty/FreeRTOS/org/Source/tasks.o
 .bss.uxSchedulerSuspended
                0x00000000200000a4        0x4 ThirdParty/FreeRTOS/org/Source/tasks.o
 *(COMMON)
                0x00000000200000a8                . = ALIGN (0x4)
                0x00000000200000a8                _ebss = .
                0x00000000200000a8                __bss_end__ = _ebss

._user_heap_stack
                0x00000000200000a8      0x600 load address 0x0000000008000814
                0x00000000200000a8                . = ALIGN (0x8)
                0x00000000200000a8                PROVIDE (end = .)
                [!provide]                        PROVIDE (_end = .)
                0x00000000200002a8                . = (. + _Min_Heap_Size)
 *fill*         0x00000000200000a8      0x200 
                0x00000000200006a8                . = (. + _Min_Stack_Size)
 *fill*         0x00000000200002a8      0x400 
                0x00000000200006a8                . = ALIGN (0x8)

/DISCARD/
 libc.a(*)
 libm.a(*)
 libgcc.a(*)

.ARM.attributes
                0x0000000000000000       0x30
 *(.ARM.attributes)
 .ARM.attributes
                0x0000000000000000       0x22 /opt/st/stm32cubeide_1.1.0/plugins/com.st.stm32cube.ide.mcu.externaltools.gnu-tools-for-stm32.7-2018-q2-update.linux64_1.0.0.201904181610/tools/bin/../lib/gcc/arm-none-eabi/7.3.1/thumb/v7e-m/fpv4-sp/hard/crti.o
 .ARM.attributes
                0x0000000000000022       0x34 /opt/st/stm32cubeide_1.1.0/plugins/com.st.stm32cube.ide.mcu.externaltools.gnu-tools-for-stm32.7-2018-q2-update.linux64_1.0.0.201904181610/tools/bin/../lib/gcc/arm-none-eabi/7.3.1/thumb/v7e-m/fpv4-sp/hard/crtbegin.o
 .ARM.attributes
                0x0000000000000056       0x39 Source/main.o
 .ARM.attributes
                0x000000000000008f       0x39 Source/system_stm32f4xx.o
 .ARM.attributes
                0x00000000000000c8       0x39 ThirdParty/FreeRTOS/org/Source/list.o
 .ARM.attributes
                0x0000000000000101       0x39 ThirdParty/FreeRTOS/org/Source/tasks.o
 .ARM.attributes
                0x000000000000013a       0x39 ThirdParty/FreeRTOS/org/Source/portable/GCC/ARM_CM4F/port.o
 .ARM.attributes
                0x0000000000000173       0x21 startup/startup_stm32.o
 .ARM.attributes
                0x0000000000000194       0x34 /opt/st/stm32cubeide_1.1.0/plugins/com.st.stm32cube.ide.mcu.externaltools.gnu-tools-for-stm32.7-2018-q2-update.linux64_1.0.0.201904181610/tools/bin/../lib/gcc/arm-none-eabi/7.3.1/../../../../arm-none-eabi/lib/thumb/v7e-m/fpv4-sp/hard/libc_nano.a(lib_a-init.o)
 .ARM.attributes
                0x00000000000001c8       0x22 /opt/st/stm32cubeide_1.1.0/plugins/com.st.stm32cube.ide.mcu.externaltools.gnu-tools-for-stm32.7-2018-q2-update.linux64_1.0.0.201904181610/tools/bin/../lib/gcc/arm-none-eabi/7.3.1/thumb/v7e-m/fpv4-sp/hard/crtn.o
OUTPUT(STM32_Hello_World.elf elf32-littlearm)

.debug_info     0x0000000000000000     0x3eb4
 .debug_info    0x0000000000000000       0xcd Source/main.o
 .debug_info    0x00000000000000cd      0x612 Source/system_stm32f4xx.o
 .debug_info    0x00000000000006df      0xacb ThirdParty/FreeRTOS/org/Source/list.o
 .debug_info    0x00000000000011aa     0x27b5 ThirdParty/FreeRTOS/org/Source/tasks.o
 .debug_info    0x000000000000395f      0x533 ThirdParty/FreeRTOS/org/Source/portable/GCC/ARM_CM4F/port.o
 .debug_info    0x0000000000003e92       0x22 startup/startup_stm32.o

.debug_abbrev   0x0000000000000000      0x91d
 .debug_abbrev  0x0000000000000000       0x7d Source/main.o
 .debug_abbrev  0x000000000000007d      0x15d Source/system_stm32f4xx.o
 .debug_abbrev  0x00000000000001da      0x1cf ThirdParty/FreeRTOS/org/Source/list.o
 .debug_abbrev  0x00000000000003a9      0x352 ThirdParty/FreeRTOS/org/Source/tasks.o
 .debug_abbrev  0x00000000000006fb      0x210 ThirdParty/FreeRTOS/org/Source/portable/GCC/ARM_CM4F/port.o
 .debug_abbrev  0x000000000000090b       0x12 startup/startup_stm32.o

.debug_aranges  0x0000000000000000      0x330
 .debug_aranges
                0x0000000000000000       0x20 Source/main.o
 .debug_aranges
                0x0000000000000020       0x30 Source/system_stm32f4xx.o
 .debug_aranges
                0x0000000000000050       0x40 ThirdParty/FreeRTOS/org/Source/list.o
 .debug_aranges
                0x0000000000000090      0x1f8 ThirdParty/FreeRTOS/org/Source/tasks.o
 .debug_aranges
                0x0000000000000288       0x80 ThirdParty/FreeRTOS/org/Source/portable/GCC/ARM_CM4F/port.o
 .debug_aranges
                0x0000000000000308       0x28 startup/startup_stm32.o

.debug_ranges   0x0000000000000000      0x2d8
 .debug_ranges  0x0000000000000000       0x10 Source/main.o
 .debug_ranges  0x0000000000000010       0x20 Source/system_stm32f4xx.o
 .debug_ranges  0x0000000000000030       0x30 ThirdParty/FreeRTOS/org/Source/list.o
 .debug_ranges  0x0000000000000060      0x1e8 ThirdParty/FreeRTOS/org/Source/tasks.o
 .debug_ranges  0x0000000000000248       0x70 ThirdParty/FreeRTOS/org/Source/portable/GCC/ARM_CM4F/port.o
 .debug_ranges  0x00000000000002b8       0x20 startup/startup_stm32.o

.debug_macro    0x0000000000000000     0xf4da
 .debug_macro   0x0000000000000000      0x1ae Source/main.o
 .debug_macro   0x00000000000001ae      0xa6c Source/main.o
 .debug_macro   0x0000000000000c1a       0x65 Source/main.o
 .debug_macro   0x0000000000000c7f       0x3b Source/main.o
 .debug_macro   0x0000000000000cba       0x22 Source/main.o
 .debug_macro   0x0000000000000cdc       0x8e Source/main.o
 .debug_macro   0x0000000000000d6a       0x51 Source/main.o
 .debug_macro   0x0000000000000dbb       0xef Source/main.o
 .debug_macro   0x0000000000000eaa       0x6a Source/main.o
 .debug_macro   0x0000000000000f14      0x1df Source/main.o
 .debug_macro   0x00000000000010f3       0x34 Source/main.o
 .debug_macro   0x0000000000001127       0x26 Source/main.o
 .debug_macro   0x000000000000114d      0xe43 Source/main.o
 .debug_macro   0x0000000000001f90     0x91ad Source/main.o
 .debug_macro   0x000000000000b13d       0x7c Source/main.o
 .debug_macro   0x000000000000b1b9      0x455 Source/main.o
 .debug_macro   0x000000000000b60e       0xb2 Source/main.o
 .debug_macro   0x000000000000b6c0      0x477 Source/main.o
 .debug_macro   0x000000000000bb37       0xb5 Source/main.o
 .debug_macro   0x000000000000bbec      0x41c Source/main.o
 .debug_macro   0x000000000000c008      0x2fb Source/main.o
 .debug_macro   0x000000000000c303      0x2ba Source/main.o
 .debug_macro   0x000000000000c5bd       0x64 Source/main.o
 .debug_macro   0x000000000000c621       0xee Source/main.o
 .debug_macro   0x000000000000c70f      0x65f Source/main.o
 .debug_macro   0x000000000000cd6e      0x59e Source/main.o
 .debug_macro   0x000000000000d30c      0x342 Source/main.o
 .debug_macro   0x000000000000d64e      0x36c Source/main.o
 .debug_macro   0x000000000000d9ba      0x114 Source/main.o
 .debug_macro   0x000000000000dace      0x73b Source/main.o
 .debug_macro   0x000000000000e209      0x223 Source/main.o
 .debug_macro   0x000000000000e42c       0x34 Source/main.o
 .debug_macro   0x000000000000e460      0x144 Source/main.o
 .debug_macro   0x000000000000e5a4       0xc3 Source/main.o
 .debug_macro   0x000000000000e667       0x40 Source/main.o
 .debug_macro   0x000000000000e6a7      0x3cf Source/main.o
 .debug_macro   0x000000000000ea76      0x188 Source/main.o
 .debug_macro   0x000000000000ebfe      0x149 Source/main.o
 .debug_macro   0x000000000000ed47       0x35 Source/main.o
 .debug_macro   0x000000000000ed7c      0x1d2 Source/system_stm32f4xx.o
 .debug_macro   0x000000000000ef4e      0x17a ThirdParty/FreeRTOS/org/Source/list.o
 .debug_macro   0x000000000000f0c8      0x26c ThirdParty/FreeRTOS/org/Source/tasks.o
 .debug_macro   0x000000000000f334       0x10 ThirdParty/FreeRTOS/org/Source/tasks.o
 .debug_macro   0x000000000000f344      0x196 ThirdParty/FreeRTOS/org/Source/portable/GCC/ARM_CM4F/port.o

.debug_line     0x0000000000000000     0x308f
 .debug_line    0x0000000000000000      0x705 Source/main.o
 .debug_line    0x0000000000000705      0x790 Source/system_stm32f4xx.o
 .debug_line    0x0000000000000e95      0x6ca ThirdParty/FreeRTOS/org/Source/list.o
 .debug_line    0x000000000000155f     0x1369 ThirdParty/FreeRTOS/org/Source/tasks.o
 .debug_line    0x00000000000028c8      0x74b ThirdParty/FreeRTOS/org/Source/portable/GCC/ARM_CM4F/port.o
 .debug_line    0x0000000000003013       0x7c startup/startup_stm32.o

.debug_str      0x0000000000000000    0x68190
 .debug_str     0x0000000000000000    0x5e7c9 Source/main.o
                                      0x5e969 (size before relaxing)
 .debug_str     0x000000000005e7c9      0x27e Source/system_stm32f4xx.o
                                      0x5ebec (size before relaxing)
 .debug_str     0x000000000005ea47     0x6b80 ThirdParty/FreeRTOS/org/Source/list.o
                                       0xa8c2 (size before relaxing)
 .debug_str     0x00000000000655c7     0x23a6 ThirdParty/FreeRTOS/org/Source/tasks.o
                                       0xcca4 (size before relaxing)
 .debug_str     0x000000000006796d      0x7fa ThirdParty/FreeRTOS/org/Source/portable/GCC/ARM_CM4F/port.o
                                       0x868b (size before relaxing)
 .debug_str     0x0000000000068167       0x29 startup/startup_stm32.o
                                         0x6a (size before relaxing)

.comment        0x0000000000000000       0x7b
 .comment       0x0000000000000000       0x7b Source/main.o
                                         0x7c (size before relaxing)
 .comment       0x000000000000007b       0x7c Source/system_stm32f4xx.o
 .comment       0x000000000000007b       0x7c ThirdParty/FreeRTOS/org/Source/list.o
 .comment       0x000000000000007b       0x7c ThirdParty/FreeRTOS/org/Source/tasks.o
 .comment       0x000000000000007b       0x7c ThirdParty/FreeRTOS/org/Source/portable/GCC/ARM_CM4F/port.o

.debug_frame    0x0000000000000000      0xbec
 .debug_frame   0x0000000000000000       0x28 Source/main.o
 .debug_frame   0x0000000000000028       0x7c Source/system_stm32f4xx.o
 .debug_frame   0x00000000000000a4       0xd8 ThirdParty/FreeRTOS/org/Source/list.o
 .debug_frame   0x000000000000017c      0x89c ThirdParty/FreeRTOS/org/Source/tasks.o
 .debug_frame   0x0000000000000a18      0x1a8 ThirdParty/FreeRTOS/org/Source/portable/GCC/ARM_CM4F/port.o
 .debug_frame   0x0000000000000bc0       0x2c /opt/st/stm32cubeide_1.1.0/plugins/com.st.stm32cube.ide.mcu.externaltools.gnu-tools-for-stm32.7-2018-q2-update.linux64_1.0.0.201904181610/tools/bin/../lib/gcc/arm-none-eabi/7.3.1/../../../../arm-none-eabi/lib/thumb/v7e-m/fpv4-sp/hard/libc_nano.a(lib_a-init.o)
