stm32f4xx_sai.c:186:6:SAI_DeInit	16	static
stm32f4xx_sai.c:224:6:SAI_Init	24	static
stm32f4xx_sai.c:292:6:SAI_FrameInit	24	static
stm32f4xx_sai.c:340:6:SAI_SlotInit	24	static
stm32f4xx_sai.c:379:6:SAI_StructInit	16	static
stm32f4xx_sai.c:412:6:SAI_FrameStructInit	16	static
stm32f4xx_sai.c:433:6:SAI_SlotStructInit	16	static
stm32f4xx_sai.c:454:6:SAI_Cmd	16	static
stm32f4xx_sai.c:483:6:SAI_MonoModeConfig	16	static
stm32f4xx_sai.c:506:6:SAI_TRIStateConfig	16	static
stm32f4xx_sai.c:534:6:SAI_CompandingModeConfig	16	static
stm32f4xx_sai.c:558:6:SAI_MuteModeCmd	16	static
stm32f4xx_sai.c:589:6:SAI_MuteValueConfig	16	static
stm32f4xx_sai.c:611:6:SAI_MuteFrameCounterConfig	16	static
stm32f4xx_sai.c:700:6:SAI_FlushFIFO	16	static
stm32f4xx_sai.c:742:10:SAI_ReceiveData	16	static
stm32f4xx_sai.c:758:6:SAI_SendData	16	static
stm32f4xx_sai.c:790:6:SAI_DMACmd	16	static
stm32f4xx_sai.c:934:6:SAI_ITConfig	24	static
stm32f4xx_sai.c:967:12:SAI_GetFlagStatus	24	static
stm32f4xx_sai.c:1010:6:SAI_ClearFlag	16	static
stm32f4xx_sai.c:1035:10:SAI_GetITStatus	24	static
stm32f4xx_sai.c:1082:6:SAI_ClearITPendingBit	16	static
stm32f4xx_sai.c:1104:17:SAI_GetCmdStatus	24	static
stm32f4xx_sai.c:1137:10:SAI_GetFIFOStatus	24	static
