stm32f4xx_hash.c:172:6:HASH_DeInit	8	static
stm32f4xx_hash.c:192:6:HASH_Init	16	static
stm32f4xx_hash.c:226:6:HASH_StructInit	16	static
stm32f4xx_hash.c:250:6:HASH_Reset	4	static
stm32f4xx_hash.c:292:6:HASH_SetLastWordValidBitsNbr	16	static
stm32f4xx_hash.c:307:6:HASH_DataIn	16	static
stm32f4xx_hash.c:318:9:HASH_GetInFIFOWordsNbr	4	static
stm32f4xx_hash.c:336:6:HASH_GetDigest	16	static
stm32f4xx_hash.c:354:6:HASH_StartDigest	4	static
stm32f4xx_hash.c:397:6:HASH_SaveContext	24	static
stm32f4xx_hash.c:419:6:HASH_RestoreContext	24	static
stm32f4xx_hash.c:466:6:HASH_AutoStartDigest	16	static
stm32f4xx_hash.c:490:6:HASH_DMACmd	16	static
stm32f4xx_hash.c:582:6:HASH_ITConfig	16	static
stm32f4xx_hash.c:611:12:HASH_GetFlagStatus	24	static
stm32f4xx_hash.c:652:6:HASH_ClearFlag	16	static
stm32f4xx_hash.c:668:10:HASH_GetITStatus	24	static
stm32f4xx_hash.c:702:6:HASH_ClearITPendingBit	16	static
