stm32f4xx_dma2d.c:112:6:DMA2D_DeInit	8	static
stm32f4xx_dma2d.c:129:6:DMA2D_Init	32	static
stm32f4xx_dma2d.c:218:6:DMA2D_StructInit	16	static
stm32f4xx_dma2d.c:249:6:DMA2D_StartTransfer	4	static
stm32f4xx_dma2d.c:261:6:DMA2D_AbortTransfer	4	static
stm32f4xx_dma2d.c:274:6:DMA2D_Suspend	16	static
stm32f4xx_dma2d.c:299:6:DMA2D_FGConfig	40	static
stm32f4xx_dma2d.c:351:6:DMA2D_FG_StructInit	16	static
stm32f4xx_dma2d.c:396:6:DMA2D_BGConfig	40	static
stm32f4xx_dma2d.c:449:6:DMA2D_BG_StructInit	16	static
stm32f4xx_dma2d.c:492:6:DMA2D_FGStart	16	static
stm32f4xx_dma2d.c:516:6:DMA2D_BGStart	16	static
stm32f4xx_dma2d.c:539:6:DMA2D_DeadTimeConfig	24	static
stm32f4xx_dma2d.c:566:6:DMA2D_LineWatermarkConfig	16	static
stm32f4xx_dma2d.c:633:6:DMA2D_ITConfig	16	static
stm32f4xx_dma2d.c:664:12:DMA2D_GetFlagStatus	24	static
stm32f4xx_dma2d.c:698:6:DMA2D_ClearFlag	16	static
stm32f4xx_dma2d.c:719:10:DMA2D_GetITStatus	24	static
stm32f4xx_dma2d.c:759:6:DMA2D_ClearITPendingBit	16	static
