stm32f4xx_usart.c:188:6:USART_DeInit	16	static
stm32f4xx_usart.c:247:6:USART_Init	48	static
stm32f4xx_usart.c:360:6:USART_StructInit	16	static
stm32f4xx_usart.c:380:6:USART_ClockInit	24	static
stm32f4xx_usart.c:411:6:USART_ClockStructInit	16	static
stm32f4xx_usart.c:428:6:USART_Cmd	16	static
stm32f4xx_usart.c:454:6:USART_SetPrescaler	16	static
stm32f4xx_usart.c:475:6:USART_OverSampling8Cmd	16	static
stm32f4xx_usart.c:501:6:USART_OneBitMethodCmd	16	static
stm32f4xx_usart.c:558:6:USART_SendData	16	static
stm32f4xx_usart.c:574:10:USART_ReceiveData	16	static
stm32f4xx_usart.c:626:6:USART_SetAddress	16	static
stm32f4xx_usart.c:646:6:USART_ReceiverWakeUpCmd	16	static
stm32f4xx_usart.c:673:6:USART_WakeUpConfig	16	static
stm32f4xx_usart.c:742:6:USART_LINBreakDetectLengthConfig	16	static
stm32f4xx_usart.c:760:6:USART_LINCmd	16	static
stm32f4xx_usart.c:784:6:USART_SendBreak	16	static
stm32f4xx_usart.c:837:6:USART_HalfDuplexCmd	16	static
stm32f4xx_usart.c:921:6:USART_SetGuardTime	16	static
stm32f4xx_usart.c:940:6:USART_SmartCardCmd	16	static
stm32f4xx_usart.c:965:6:USART_SmartCardNACKCmd	16	static
stm32f4xx_usart.c:1036:6:USART_IrDAConfig	16	static
stm32f4xx_usart.c:1054:6:USART_IrDACmd	16	static
stm32f4xx_usart.c:1100:6:USART_DMACmd	16	static
stm32f4xx_usart.c:1232:6:USART_ITConfig	32	static
stm32f4xx_usart.c:1296:12:USART_GetFlagStatus	24	static
stm32f4xx_usart.c:1345:6:USART_ClearFlag	16	static
stm32f4xx_usart.c:1379:10:USART_GetITStatus	32	static
stm32f4xx_usart.c:1453:6:USART_ClearITPendingBit	24	static
