stm32f4xx_can.c:168:6:CAN_DeInit	16	static
stm32f4xx_can.c:217:9:CAN_Init	24	static
stm32f4xx_can.c:449:6:CAN_FilterInit	24	static
stm32f4xx_can.c:541:6:CAN_StructInit	16	static
stm32f4xx_can.c:607:6:CAN_SlaveStartBank	16	static
stm32f4xx_can.c:633:6:CAN_DBGFreeze	16	static
stm32f4xx_can.c:664:6:CAN_TTComModeCmd	16	static
stm32f4xx_can.c:719:9:CAN_Transmit	24	static
stm32f4xx_can.c:792:9:CAN_TransmitStatus	24	static
stm32f4xx_can.c:847:6:CAN_CancelTransmit	16	static
stm32f4xx_can.c:895:6:CAN_Receive	24	static
stm32f4xx_can.c:945:6:CAN_FIFORelease	16	static
stm32f4xx_can.c:969:9:CAN_MessagePending	24	static
stm32f4xx_can.c:1019:9:CAN_OperatingModeRequest	24	static
stm32f4xx_can.c:1101:9:CAN_Sleep	24	static
stm32f4xx_can.c:1127:9:CAN_WakeUp	24	static
stm32f4xx_can.c:1189:9:CAN_GetLastErrorCode	24	static
stm32f4xx_can.c:1215:9:CAN_GetReceiveErrorCounter	24	static
stm32f4xx_can.c:1236:9:CAN_GetLSBTransmitErrorCounter	24	static
stm32f4xx_can.c:1442:6:CAN_ITConfig	24	static
stm32f4xx_can.c:1483:12:CAN_GetFlagStatus	24	static
stm32f4xx_can.c:1584:6:CAN_ClearFlag	24	static
stm32f4xx_can.c:1645:10:CAN_GetITStatus	24	static
stm32f4xx_can.c:1750:6:CAN_ClearITPendingBit	16	static
stm32f4xx_can.c:1828:17:CheckITStatus	24	static
