stm32f4xx_sdio.c:267:6:SDIO_DeInit	8	static
stm32f4xx_sdio.c:280:6:SDIO_Init	24	static
stm32f4xx_sdio.c:318:6:SDIO_StructInit	16	static
stm32f4xx_sdio.c:335:6:SDIO_ClockCmd	16	static
stm32f4xx_sdio.c:351:6:SDIO_SetPowerState	16	static
stm32f4xx_sdio.c:368:10:SDIO_GetPowerState	4	static
stm32f4xx_sdio.c:400:6:SDIO_SendCommand	24	static
stm32f4xx_sdio.c:436:6:SDIO_CmdStructInit	16	static
stm32f4xx_sdio.c:451:9:SDIO_GetCommandResponse	4	static
stm32f4xx_sdio.c:466:10:SDIO_GetResponse	24	static
stm32f4xx_sdio.c:504:6:SDIO_DataConfig	24	static
stm32f4xx_sdio.c:545:6:SDIO_DataStructInit	16	static
stm32f4xx_sdio.c:561:10:SDIO_GetDataCounter	4	static
stm32f4xx_sdio.c:571:10:SDIO_ReadData	4	static
stm32f4xx_sdio.c:581:6:SDIO_WriteData	16	static
stm32f4xx_sdio.c:591:10:SDIO_GetFIFOCount	4	static
stm32f4xx_sdio.c:620:6:SDIO_StartSDIOReadWait	16	static
stm32f4xx_sdio.c:634:6:SDIO_StopSDIOReadWait	16	static
stm32f4xx_sdio.c:650:6:SDIO_SetSDIOReadWaitMode	16	static
stm32f4xx_sdio.c:664:6:SDIO_SetSDIOOperation	16	static
stm32f4xx_sdio.c:678:6:SDIO_SendSDIOSuspendCmd	16	static
stm32f4xx_sdio.c:710:6:SDIO_CommandCompletionCmd	16	static
stm32f4xx_sdio.c:724:6:SDIO_CEATAITCmd	16	static
stm32f4xx_sdio.c:738:6:SDIO_SendCEATACmd	16	static
stm32f4xx_sdio.c:770:6:SDIO_DMACmd	16	static
stm32f4xx_sdio.c:828:6:SDIO_ITConfig	16	static
stm32f4xx_sdio.c:876:12:SDIO_GetFlagStatus	24	static
stm32f4xx_sdio.c:913:6:SDIO_ClearFlag	16	static
stm32f4xx_sdio.c:952:10:SDIO_GetITStatus	24	static
stm32f4xx_sdio.c:988:6:SDIO_ClearITPendingBit	16	static
