stm32f4xx_pwr.c:169:6:PWR_DeInit	8	static
stm32f4xx_pwr.c:184:6:PWR_BackupAccessCmd	16	static
stm32f4xx_pwr.c:232:6:PWR_PVDLevelConfig	24	static
stm32f4xx_pwr.c:257:6:PWR_PVDCmd	16	static
stm32f4xx_pwr.c:292:6:PWR_WakeUpPinCmd	16	static
stm32f4xx_pwr.c:424:6:PWR_BackupRegulatorCmd	16	static
stm32f4xx_pwr.c:446:6:PWR_MainRegulatorModeConfig	24	static
stm32f4xx_pwr.c:481:6:PWR_OverDriveCmd	16	static
stm32f4xx_pwr.c:499:6:PWR_OverDriveSWCmd	16	static
stm32f4xx_pwr.c:526:6:PWR_UnderDriveCmd	16	static
stm32f4xx_pwr.c:670:6:PWR_FlashPowerDownCmd	16	static
stm32f4xx_pwr.c:816:6:PWR_EnterSTOPMode	24	static,ignoring_inline_asm
stm32f4xx_pwr.c:880:6:PWR_EnterUnderDriveSTOPMode	24	static,ignoring_inline_asm
stm32f4xx_pwr.c:929:6:PWR_EnterSTANDBYMode	4	static,ignoring_inline_asm
stm32f4xx_pwr.c:989:12:PWR_GetFlagStatus	24	static
stm32f4xx_pwr.c:1017:6:PWR_ClearFlag	16	static
