stm32f4xx_cryp.c:220:6:CRYP_DeInit	8	static
stm32f4xx_cryp.c:236:6:CRYP_Init	16	static
stm32f4xx_cryp.c:275:6:CRYP_StructInit	16	static
stm32f4xx_cryp.c:297:6:CRYP_KeyInit	16	static
stm32f4xx_cryp.c:316:6:CRYP_KeyStructInit	16	static
stm32f4xx_cryp.c:334:6:CRYP_IVInit	16	static
stm32f4xx_cryp.c:348:6:CRYP_IVStructInit	16	static
stm32f4xx_cryp.c:367:6:CRYP_PhaseConfig	24	static
stm32f4xx_cryp.c:392:6:CRYP_FIFOFlush	4	static
stm32f4xx_cryp.c:404:6:CRYP_Cmd	16	static
stm32f4xx_cryp.c:447:6:CRYP_DataIn	16	static
stm32f4xx_cryp.c:457:10:CRYP_DataOut	4	static
stm32f4xx_cryp.c:498:13:CRYP_SaveContext	32	static
stm32f4xx_cryp.c:603:6:CRYP_RestoreContext	16	static
stm32f4xx_cryp.c:682:6:CRYP_DMACmd	16	static
stm32f4xx_cryp.c:800:6:CRYP_ITConfig	16	static
stm32f4xx_cryp.c:828:10:CRYP_GetITStatus	24	static
stm32f4xx_cryp.c:854:17:CRYP_GetCmdStatus	16	static
stm32f4xx_cryp.c:884:12:CRYP_GetFlagStatus	24	static
